[2026-02-06T17:57:48.113Z] [BulkUpload Start] File: yangisi 1- Forma dekabr 2025.xls, Period: 2026-01-01, isTest: false
[2026-02-06T17:57:52.387Z] [BulkUpload] Total sheets: 31: Аҳоли сони, Jami, Лист1, Dekabr 2025, prokuratura, Olmaliq shaxri, Angren shaxri, Oxangaron shaxri, Bekobod shaxri, Chirchiq shaxri, Nurafshon shaxri, Yangiyo'l shaxri, Oqqo'rg'on tuman, Oxangaron tuman, Bekobod tuman, Bo'stonliq tuman, Bo'ka tuman, Zangiota tuman, Qibray tuman, Quyichirchiq tuman, Parkent tuman, Piskent tuman, O'rtachirchiq tuman, Chinoz tuman, Yuqorichirchiq tuman, Yangiyo'l tuman, Toshkent tuman, Респ, Лист2, Лист3, Лист4
[2026-02-06T17:57:52.389Z] [BulkUpload] District sheets to process: 28
[2026-02-06T17:57:53.140Z] [BulkUpload] Found 23 organizations and 97 diseases
[2026-02-06T17:57:53.141Z] [BulkUpload] Processing sheet: Dekabr 2025
[2026-02-06T17:57:53.270Z] [BulkUpload] Sheet Dekabr 2025 rows: 2816
[2026-02-06T17:57:53.271Z] [BulkUpload] WARNING: Could not find organization for sheet: "Dekabr 2025"
[2026-02-06T17:57:53.273Z] [BulkUpload] Processing sheet: prokuratura
[2026-02-06T17:57:53.280Z] [BulkUpload] Sheet prokuratura rows: 28
[2026-02-06T17:57:53.283Z] [BulkUpload] WARNING: Could not find organization for sheet: "prokuratura"
[2026-02-06T17:57:53.285Z] [BulkUpload] Processing sheet: Olmaliq shaxri
[2026-02-06T17:57:53.298Z] [BulkUpload] Sheet Olmaliq shaxri rows: 113
[2026-02-06T17:57:53.299Z] [BulkUpload] SUCCESS: Mapped sheet "Olmaliq shaxri" to org: "Olmaliq sh" (ffb8a080-7c49-4e70-8025-7f9abfec770d)
[2026-02-06T17:57:54.608Z] [BulkUpload] Saved submission for Olmaliq sh
[2026-02-06T17:57:54.609Z] [BulkUpload] Processing sheet: Angren shaxri
[2026-02-06T17:57:54.617Z] [BulkUpload] Sheet Angren shaxri rows: 105
[2026-02-06T17:57:54.617Z] [BulkUpload] SUCCESS: Mapped sheet "Angren shaxri" to org: "Angren sh" (efad25e0-7fc3-4672-b767-1daf921fcb44)
[2026-02-06T17:57:55.722Z] [BulkUpload] Saved submission for Angren sh
[2026-02-06T17:57:55.723Z] [BulkUpload] Processing sheet: Oxangaron shaxri
[2026-02-06T17:57:55.730Z] [BulkUpload] Sheet Oxangaron shaxri rows: 114
[2026-02-06T17:57:55.730Z] [BulkUpload] WARNING: Could not find organization for sheet: "Oxangaron shaxri"
[2026-02-06T17:57:55.732Z] [BulkUpload] Processing sheet: Bekobod shaxri
[2026-02-06T17:57:55.737Z] [BulkUpload] Sheet Bekobod shaxri rows: 117
[2026-02-06T17:57:55.738Z] [BulkUpload] SUCCESS: Mapped sheet "Bekobod shaxri" to org: "Bekobod sh" (d550f76a-de32-45aa-bf87-7b4dd23b4941)
[2026-02-06T17:57:56.971Z] [BulkUpload] Saved submission for Bekobod sh
[2026-02-06T17:57:56.972Z] [BulkUpload] Processing sheet: Chirchiq shaxri
[2026-02-06T17:57:56.981Z] [BulkUpload] Sheet Chirchiq shaxri rows: 113
[2026-02-06T17:57:56.985Z] [BulkUpload] SUCCESS: Mapped sheet "Chirchiq shaxri" to org: "Chirchiq sh" (f71eeff6-21c3-422b-8856-a9e47f40e637)
[2026-02-06T17:57:58.010Z] [BulkUpload] Saved submission for Chirchiq sh
[2026-02-06T17:57:58.011Z] [BulkUpload] Processing sheet: Nurafshon shaxri
[2026-02-06T17:57:58.023Z] [BulkUpload] Sheet Nurafshon shaxri rows: 105
[2026-02-06T17:57:58.024Z] [BulkUpload] SUCCESS: Mapped sheet "Nurafshon shaxri" to org: "Nurafshon sh" (3a563d7f-2023-492a-bc81-a272094d6e2f)
[2026-02-06T17:57:59.032Z] [BulkUpload] Saved submission for Nurafshon sh
[2026-02-06T17:57:59.033Z] [BulkUpload] Processing sheet: Yangiyo'l shaxri
[2026-02-06T17:57:59.040Z] [BulkUpload] Sheet Yangiyo'l shaxri rows: 104
[2026-02-06T17:57:59.041Z] [BulkUpload] SUCCESS: Mapped sheet "Yangiyo'l shaxri" to org: "Yangiyo'l sh" (eec9c411-d5d8-4e9e-8452-5923baba38ab)
[2026-02-06T17:58:00.044Z] [BulkUpload] Saved submission for Yangiyo'l sh
[2026-02-06T17:58:00.045Z] [BulkUpload] Processing sheet: Oqqo'rg'on tuman
[2026-02-06T17:58:00.051Z] [BulkUpload] Sheet Oqqo'rg'on tuman rows: 105
[2026-02-06T17:58:00.051Z] [BulkUpload] SUCCESS: Mapped sheet "Oqqo'rg'on tuman" to org: "Oqqo'rg'on t" (3eb139a9-9e91-4985-9ed6-008e9a66ba8a)
[2026-02-06T17:58:01.050Z] [BulkUpload] Saved submission for Oqqo'rg'on t
[2026-02-06T17:58:01.051Z] [BulkUpload] Processing sheet: Oxangaron tuman
[2026-02-06T17:58:01.060Z] [BulkUpload] Sheet Oxangaron tuman rows: 114
[2026-02-06T17:58:01.060Z] [BulkUpload] WARNING: Could not find organization for sheet: "Oxangaron tuman"
[2026-02-06T17:58:01.064Z] [BulkUpload] Processing sheet: Bekobod tuman
[2026-02-06T17:58:01.071Z] [BulkUpload] Sheet Bekobod tuman rows: 111
[2026-02-06T17:58:01.072Z] [BulkUpload] SUCCESS: Mapped sheet "Bekobod tuman" to org: "Bekobod sh" (d550f76a-de32-45aa-bf87-7b4dd23b4941)
[2026-02-06T17:58:02.904Z] [BulkUpload] Saved submission for Bekobod sh
[2026-02-06T17:58:02.905Z] [BulkUpload] Processing sheet: Bo'stonliq tuman
[2026-02-06T17:58:02.915Z] [BulkUpload] Sheet Bo'stonliq tuman rows: 105
[2026-02-06T17:58:02.919Z] [BulkUpload] SUCCESS: Mapped sheet "Bo'stonliq tuman" to org: "Bo'stonliq t" (b409662b-8f58-4a8e-a8b2-fe7daff74964)
[2026-02-06T17:58:03.935Z] [BulkUpload] Saved submission for Bo'stonliq t
[2026-02-06T17:58:03.935Z] [BulkUpload] Processing sheet: Bo'ka tuman
[2026-02-06T17:58:03.940Z] [BulkUpload] Sheet Bo'ka tuman rows: 110
[2026-02-06T17:58:03.941Z] [BulkUpload] SUCCESS: Mapped sheet "Bo'ka tuman" to org: "Bo'ka t" (512f4611-785b-4960-82c0-017463d9c0e3)
[2026-02-06T17:58:04.938Z] [BulkUpload] Saved submission for Bo'ka t
[2026-02-06T17:58:04.939Z] [BulkUpload] Processing sheet: Zangiota tuman
[2026-02-06T17:58:04.947Z] [BulkUpload] Sheet Zangiota tuman rows: 118
[2026-02-06T17:58:04.948Z] [BulkUpload] SUCCESS: Mapped sheet "Zangiota tuman" to org: "Zangiota t" (6c2b0826-dbbf-47a3-baa7-b2bc81459c86)
[2026-02-06T17:58:06.044Z] [BulkUpload] Saved submission for Zangiota t
[2026-02-06T17:58:06.044Z] [BulkUpload] Processing sheet: Qibray tuman
[2026-02-06T17:58:06.052Z] [BulkUpload] Sheet Qibray tuman rows: 105
[2026-02-06T17:58:06.053Z] [BulkUpload] SUCCESS: Mapped sheet "Qibray tuman" to org: "Qibray t" (cbe82c02-5250-4a71-b918-d91a94597c56)
[2026-02-06T17:58:07.099Z] [BulkUpload] Saved submission for Qibray t
[2026-02-06T17:58:07.100Z] [BulkUpload] Processing sheet: Quyichirchiq tuman
[2026-02-06T17:58:07.108Z] [BulkUpload] Sheet Quyichirchiq tuman rows: 117
[2026-02-06T17:58:07.113Z] [BulkUpload] SUCCESS: Mapped sheet "Quyichirchiq tuman" to org: "Chirchiq sh" (f71eeff6-21c3-422b-8856-a9e47f40e637)
[2026-02-06T17:58:08.723Z] [BulkUpload] Saved submission for Chirchiq sh
[2026-02-06T17:58:08.724Z] [BulkUpload] Processing sheet: Parkent tuman
[2026-02-06T17:58:08.733Z] [BulkUpload] Sheet Parkent tuman rows: 105
[2026-02-06T17:58:08.734Z] [BulkUpload] SUCCESS: Mapped sheet "Parkent tuman" to org: "Parkent t" (51b2f3fc-8ac3-4a20-9649-82474d978d53)
[2026-02-06T17:58:09.742Z] [BulkUpload] Saved submission for Parkent t
[2026-02-06T17:58:09.743Z] [BulkUpload] Processing sheet: Piskent tuman
[2026-02-06T17:58:09.749Z] [BulkUpload] Sheet Piskent tuman rows: 105
[2026-02-06T17:58:09.750Z] [BulkUpload] SUCCESS: Mapped sheet "Piskent tuman" to org: "Piskent t" (843d6fa1-5f37-43e4-b868-54ff83e77bc1)
[2026-02-06T17:58:10.743Z] [BulkUpload] Saved submission for Piskent t
[2026-02-06T17:58:10.744Z] [BulkUpload] Processing sheet: O'rtachirchiq tuman
[2026-02-06T17:58:10.754Z] [BulkUpload] Sheet O'rtachirchiq tuman rows: 113
[2026-02-06T17:58:10.758Z] [BulkUpload] SUCCESS: Mapped sheet "O'rtachirchiq tuman" to org: "Chirchiq sh" (f71eeff6-21c3-422b-8856-a9e47f40e637)
[2026-02-06T17:58:12.270Z] [BulkUpload] Saved submission for Chirchiq sh
[2026-02-06T17:58:12.271Z] [BulkUpload] Processing sheet: Chinoz tuman
[2026-02-06T17:58:12.281Z] [BulkUpload] Sheet Chinoz tuman rows: 115
[2026-02-06T17:58:12.282Z] [BulkUpload] SUCCESS: Mapped sheet "Chinoz tuman" to org: "Chinoz t" (7b1965bd-f2a1-431b-8610-4f130451697c)
[2026-02-06T17:58:13.289Z] [BulkUpload] Saved submission for Chinoz t
[2026-02-06T17:58:13.289Z] [BulkUpload] Processing sheet: Yuqorichirchiq tuman
[2026-02-06T17:58:13.301Z] [BulkUpload] Sheet Yuqorichirchiq tuman rows: 124
[2026-02-06T17:58:13.310Z] [BulkUpload] SUCCESS: Mapped sheet "Yuqorichirchiq tuman" to org: "Chirchiq sh" (f71eeff6-21c3-422b-8856-a9e47f40e637)
[2026-02-06T17:58:14.808Z] [BulkUpload] Saved submission for Chirchiq sh
[2026-02-06T17:58:14.809Z] [BulkUpload] Processing sheet: Yangiyo'l tuman
[2026-02-06T17:58:14.817Z] [BulkUpload] Sheet Yangiyo'l tuman rows: 105
[2026-02-06T17:58:14.817Z] [BulkUpload] SUCCESS: Mapped sheet "Yangiyo'l tuman" to org: "Yangiyo'l sh" (eec9c411-d5d8-4e9e-8452-5923baba38ab)
[2026-02-06T17:58:16.555Z] [BulkUpload] Saved submission for Yangiyo'l sh
[2026-02-06T17:58:16.555Z] [BulkUpload] Processing sheet: Toshkent tuman
[2026-02-06T17:58:16.567Z] [BulkUpload] Sheet Toshkent tuman rows: 125
[2026-02-06T17:58:16.567Z] [BulkUpload] SUCCESS: Mapped sheet "Toshkent tuman" to org: "Toshkent viloyati" (3872c99a-847a-4121-b7b1-e40a9324c69d)
[2026-02-06T17:58:17.633Z] [BulkUpload] Saved submission for Toshkent viloyati
[2026-02-06T17:58:17.633Z] [BulkUpload] Processing sheet: Респ
[2026-02-06T17:58:17.641Z] [BulkUpload] Sheet Респ rows: 106
[2026-02-06T17:58:17.642Z] [BulkUpload] WARNING: Could not find organization for sheet: "Респ"
[2026-02-06T17:58:17.645Z] [BulkUpload] Processing sheet: Лист2
[2026-02-06T17:58:17.648Z] [BulkUpload] Sheet Лист2 rows: 0
[2026-02-06T17:58:17.650Z] [BulkUpload] WARNING: Could not find organization for sheet: "Лист2"
[2026-02-06T17:58:17.652Z] [BulkUpload] Processing sheet: Лист3
[2026-02-06T17:58:17.655Z] [BulkUpload] Sheet Лист3 rows: 0
[2026-02-06T17:58:17.658Z] [BulkUpload] WARNING: Could not find organization for sheet: "Лист3"
[2026-02-06T17:58:17.662Z] [BulkUpload] Processing sheet: Лист4
[2026-02-06T17:58:17.664Z] [BulkUpload] Sheet Лист4 rows: 0
[2026-02-06T17:58:17.667Z] [BulkUpload] WARNING: Could not find organization for sheet: "Лист4"
[2026-02-06T17:58:17.669Z] [BulkUpload Finished] Successfully processed 20 districts.
[2026-02-06T18:18:21.365Z] [BulkUpload Start] File: 1- Forma dekabr 2025.xlsx, Period: 2026-01-01, isTest: false
[2026-02-06T18:18:25.165Z] [BulkUpload] Total sheets: 31: Аҳоли сони, Jami, Лист1, Dekabr 2025, prokuratura, Olmaliq shaxri, Angren shaxri, Oxangaron shaxri, Bekobod shaxri, Chirchiq shaxri, Nurafshon shaxri, Yangiyo'l shaxri, Oqqo'rg'on tuman, Oxangaron tuman, Bekobod tuman, Bo'stonliq tuman, Bo'ka tuman, Zangiota tuman, Qibray tuman, Quyichirchiq tuman, Parkent tuman, Piskent tuman, O'rtachirchiq tuman, Chinoz tuman, Yuqorichirchiq tuman, Yangiyo'l tuman, Toshkent tuman, Респ, Лист2, Лист3, Лист4
[2026-02-06T18:18:25.166Z] [BulkUpload] District sheets to process: 28
[2026-02-06T18:18:25.432Z] [BulkUpload] Auto-detected period from filename "1- Forma dekabr 2025.xlsx": 2025-12-01
[2026-02-06T18:18:25.950Z] [BulkUpload] Found 23 organizations and 97 diseases
[2026-02-06T18:18:25.950Z] [BulkUpload] Processing sheet: Dekabr 2025
[2026-02-06T18:18:26.038Z] [BulkUpload] Sheet Dekabr 2025 rows: 2816
[2026-02-06T18:22:21.948Z] [BulkUpload Start] File: 1- Forma dekabr 2025.xlsx, Period: 2026-01-01, isTest: false
[2026-02-06T18:22:24.752Z] [BulkUpload] Total sheets: 31: Аҳоли сони, Jami, Лист1, Dekabr 2025, prokuratura, Olmaliq shaxri, Angren shaxri, Oxangaron shaxri, Bekobod shaxri, Chirchiq shaxri, Nurafshon shaxri, Yangiyo'l shaxri, Oqqo'rg'on tuman, Oxangaron tuman, Bekobod tuman, Bo'stonliq tuman, Bo'ka tuman, Zangiota tuman, Qibray tuman, Quyichirchiq tuman, Parkent tuman, Piskent tuman, O'rtachirchiq tuman, Chinoz tuman, Yuqorichirchiq tuman, Yangiyo'l tuman, Toshkent tuman, Респ, Лист2, Лист3, Лист4
[2026-02-06T18:22:24.752Z] [BulkUpload] District sheets to process: 28
[2026-02-06T18:22:25.023Z] [BulkUpload] Auto-detected period from filename "1- Forma dekabr 2025.xlsx": 2025-12-01
[2026-02-06T18:22:25.597Z] [BulkUpload] Found 23 organizations and 97 diseases
[2026-02-06T18:22:25.598Z] [BulkUpload] Processing sheet: Dekabr 2025
[2026-02-06T18:22:25.694Z] [BulkUpload] Sheet Dekabr 2025 rows: 2816
[2026-02-06T18:22:25.696Z] [BulkUpload] WARNING: Could not find organization for sheet: "Dekabr 2025"
[2026-02-06T18:22:25.697Z] [BulkUpload] Processing sheet: prokuratura
[2026-02-06T18:22:25.701Z] [BulkUpload] Sheet prokuratura rows: 28
[2026-02-06T18:22:25.701Z] [BulkUpload] WARNING: Could not find organization for sheet: "prokuratura"
[2026-02-06T18:22:25.703Z] [BulkUpload] Processing sheet: Olmaliq shaxri
[2026-02-06T18:22:25.712Z] [BulkUpload] Sheet Olmaliq shaxri rows: 113
[2026-02-06T18:22:25.712Z] [BulkUpload] SUCCESS: Mapped sheet "Olmaliq shaxri" to org: "Olmaliq sh" (ffb8a080-7c49-4e70-8025-7f9abfec770d)
[2026-02-06T18:22:27.101Z] [BulkUpload] Saved submission for Olmaliq sh
[2026-02-06T18:22:27.673Z] [BulkUpload] Processing sheet: Angren shaxri
[2026-02-06T18:22:27.680Z] [BulkUpload] Sheet Angren shaxri rows: 105
[2026-02-06T18:22:27.681Z] [BulkUpload] SUCCESS: Mapped sheet "Angren shaxri" to org: "Angren sh" (efad25e0-7fc3-4672-b767-1daf921fcb44)
[2026-02-06T18:22:28.700Z] [BulkUpload] Saved submission for Angren sh
[2026-02-06T18:22:29.116Z] [BulkUpload] Processing sheet: Oxangaron shaxri
[2026-02-06T18:22:29.121Z] [BulkUpload] Sheet Oxangaron shaxri rows: 114
[2026-02-06T18:22:29.122Z] [BulkUpload] SUCCESS: Mapped sheet "Oxangaron shaxri" to org: "Ohangaron sh" (9a6ce214-97c8-4891-9bda-ffd3e4ed0957)
[2026-02-06T18:22:30.283Z] [BulkUpload] Saved submission for Ohangaron sh
[2026-02-06T18:22:30.545Z] [BulkUpload] Processing sheet: Bekobod shaxri
[2026-02-06T18:22:30.549Z] [BulkUpload] Sheet Bekobod shaxri rows: 117
[2026-02-06T18:22:30.549Z] [BulkUpload] SUCCESS: Mapped sheet "Bekobod shaxri" to org: "Bekobod sh" (d550f76a-de32-45aa-bf87-7b4dd23b4941)
[2026-02-06T18:22:31.575Z] [BulkUpload] Saved submission for Bekobod sh
[2026-02-06T18:22:31.840Z] [BulkUpload] Processing sheet: Chirchiq shaxri
[2026-02-06T18:22:31.848Z] [BulkUpload] Sheet Chirchiq shaxri rows: 113
[2026-02-06T18:22:31.848Z] [BulkUpload] SUCCESS: Mapped sheet "Chirchiq shaxri" to org: "Chirchiq sh" (f71eeff6-21c3-422b-8856-a9e47f40e637)
[2026-02-06T18:22:32.872Z] [BulkUpload] Saved submission for Chirchiq sh
[2026-02-06T18:22:33.243Z] [BulkUpload] Processing sheet: Nurafshon shaxri
[2026-02-06T18:22:33.250Z] [BulkUpload] Sheet Nurafshon shaxri rows: 105
[2026-02-06T18:22:33.251Z] [BulkUpload] SUCCESS: Mapped sheet "Nurafshon shaxri" to org: "Nurafshon sh" (3a563d7f-2023-492a-bc81-a272094d6e2f)
[2026-02-06T18:22:34.348Z] [BulkUpload] Saved submission for Nurafshon sh
[2026-02-06T18:22:34.665Z] [BulkUpload] Processing sheet: Yangiyo'l shaxri
[2026-02-06T18:22:34.686Z] [BulkUpload] Sheet Yangiyo'l shaxri rows: 104
[2026-02-06T18:22:34.686Z] [BulkUpload] SUCCESS: Mapped sheet "Yangiyo'l shaxri" to org: "Yangiyo'l sh" (eec9c411-d5d8-4e9e-8452-5923baba38ab)
[2026-02-06T18:22:35.779Z] [BulkUpload] Saved submission for Yangiyo'l sh
[2026-02-06T18:22:36.102Z] [BulkUpload] Processing sheet: Oqqo'rg'on tuman
[2026-02-06T18:22:36.115Z] [BulkUpload] Sheet Oqqo'rg'on tuman rows: 105
[2026-02-06T18:22:36.116Z] [BulkUpload] SUCCESS: Mapped sheet "Oqqo'rg'on tuman" to org: "Oqqo'rg'on t" (3eb139a9-9e91-4985-9ed6-008e9a66ba8a)
[2026-02-06T18:22:37.219Z] [BulkUpload] Saved submission for Oqqo'rg'on t
[2026-02-06T18:22:37.484Z] [BulkUpload] Processing sheet: Oxangaron tuman
[2026-02-06T18:22:37.495Z] [BulkUpload] Sheet Oxangaron tuman rows: 114
[2026-02-06T18:22:37.496Z] [BulkUpload] SUCCESS: Mapped sheet "Oxangaron tuman" to org: "Ohangaron t" (7f7493e6-28b4-4e16-8df6-f2ce80a50f47)
[2026-02-06T18:22:38.550Z] [BulkUpload] Saved submission for Ohangaron t
[2026-02-06T18:22:38.829Z] [BulkUpload] Processing sheet: Bekobod tuman
[2026-02-06T18:22:38.834Z] [BulkUpload] Sheet Bekobod tuman rows: 111
[2026-02-06T18:22:38.835Z] [BulkUpload] SUCCESS: Mapped sheet "Bekobod tuman" to org: "Bekobod t" (383729a9-e4d0-4e54-a8d9-28f5aba280bb)
[2026-02-06T18:22:39.879Z] [BulkUpload] Saved submission for Bekobod t
[2026-02-06T18:22:40.145Z] [BulkUpload] Processing sheet: Bo'stonliq tuman
[2026-02-06T18:22:40.149Z] [BulkUpload] Sheet Bo'stonliq tuman rows: 105
[2026-02-06T18:22:40.150Z] [BulkUpload] SUCCESS: Mapped sheet "Bo'stonliq tuman" to org: "Bo'stonliq t" (b409662b-8f58-4a8e-a8b2-fe7daff74964)
[2026-02-06T18:22:41.170Z] [BulkUpload] Saved submission for Bo'stonliq t
[2026-02-06T18:22:41.430Z] [BulkUpload] Processing sheet: Bo'ka tuman
[2026-02-06T18:22:41.438Z] [BulkUpload] Sheet Bo'ka tuman rows: 110
[2026-02-06T18:22:41.440Z] [BulkUpload] SUCCESS: Mapped sheet "Bo'ka tuman" to org: "Bo'ka t" (512f4611-785b-4960-82c0-017463d9c0e3)
[2026-02-06T18:22:42.469Z] [BulkUpload] Saved submission for Bo'ka t
[2026-02-06T18:22:42.742Z] [BulkUpload] Processing sheet: Zangiota tuman
[2026-02-06T18:22:42.747Z] [BulkUpload] Sheet Zangiota tuman rows: 118
[2026-02-06T18:22:42.747Z] [BulkUpload] SUCCESS: Mapped sheet "Zangiota tuman" to org: "Zangiota t" (6c2b0826-dbbf-47a3-baa7-b2bc81459c86)
[2026-02-06T18:22:43.795Z] [BulkUpload] Saved submission for Zangiota t
[2026-02-06T18:22:44.064Z] [BulkUpload] Processing sheet: Qibray tuman
[2026-02-06T18:22:44.070Z] [BulkUpload] Sheet Qibray tuman rows: 105
[2026-02-06T18:22:44.070Z] [BulkUpload] SUCCESS: Mapped sheet "Qibray tuman" to org: "Qibray t" (cbe82c02-5250-4a71-b918-d91a94597c56)
[2026-02-06T18:22:45.106Z] [BulkUpload] Saved submission for Qibray t
[2026-02-06T18:22:45.413Z] [BulkUpload] Processing sheet: Quyichirchiq tuman
[2026-02-06T18:22:45.418Z] [BulkUpload] Sheet Quyichirchiq tuman rows: 117
[2026-02-06T18:22:45.418Z] [BulkUpload] SUCCESS: Mapped sheet "Quyichirchiq tuman" to org: "Quyi chirchiq t" (af4b58cd-4abb-4090-a53e-56b922e84f4d)
[2026-02-06T18:22:46.536Z] [BulkUpload] Saved submission for Quyi chirchiq t
[2026-02-06T18:22:46.847Z] [BulkUpload] Processing sheet: Parkent tuman
[2026-02-06T18:22:46.852Z] [BulkUpload] Sheet Parkent tuman rows: 105
[2026-02-06T18:22:46.860Z] [BulkUpload] SUCCESS: Mapped sheet "Parkent tuman" to org: "Parkent t" (51b2f3fc-8ac3-4a20-9649-82474d978d53)
[2026-02-06T18:22:47.957Z] [BulkUpload] Saved submission for Parkent t
[2026-02-06T18:22:48.222Z] [BulkUpload] Processing sheet: Piskent tuman
[2026-02-06T18:22:48.227Z] [BulkUpload] Sheet Piskent tuman rows: 105
[2026-02-06T18:22:48.227Z] [BulkUpload] SUCCESS: Mapped sheet "Piskent tuman" to org: "Piskent t" (843d6fa1-5f37-43e4-b868-54ff83e77bc1)
[2026-02-06T18:22:49.249Z] [BulkUpload] Saved submission for Piskent t
[2026-02-06T18:22:49.515Z] [BulkUpload] Processing sheet: O'rtachirchiq tuman
[2026-02-06T18:22:49.529Z] [BulkUpload] Sheet O'rtachirchiq tuman rows: 113
[2026-02-06T18:22:49.531Z] [BulkUpload] SUCCESS: Mapped sheet "O'rtachirchiq tuman" to org: "O'rta Chirchiq t" (178c123d-4de8-466c-b976-070f3a3878dc)
[2026-02-06T18:22:50.571Z] [BulkUpload] Saved submission for O'rta Chirchiq t
[2026-02-06T18:22:50.839Z] [BulkUpload] Processing sheet: Chinoz tuman
[2026-02-06T18:22:50.846Z] [BulkUpload] Sheet Chinoz tuman rows: 115
[2026-02-06T18:22:50.846Z] [BulkUpload] SUCCESS: Mapped sheet "Chinoz tuman" to org: "Chinoz t" (7b1965bd-f2a1-431b-8610-4f130451697c)
[2026-02-06T18:22:51.873Z] [BulkUpload] Saved submission for Chinoz t
[2026-02-06T18:22:52.130Z] [BulkUpload] Processing sheet: Yuqorichirchiq tuman
[2026-02-06T18:22:52.136Z] [BulkUpload] Sheet Yuqorichirchiq tuman rows: 124
[2026-02-06T18:22:52.142Z] [BulkUpload] SUCCESS: Mapped sheet "Yuqorichirchiq tuman" to org: "Yuqori Chirchiq t" (8ad70a93-df94-4273-aff7-c72f13600791)
[2026-02-06T18:22:53.174Z] [BulkUpload] Saved submission for Yuqori Chirchiq t
[2026-02-06T18:22:53.435Z] [BulkUpload] Processing sheet: Yangiyo'l tuman
[2026-02-06T18:22:53.444Z] [BulkUpload] Sheet Yangiyo'l tuman rows: 105
[2026-02-06T18:22:53.447Z] [BulkUpload] SUCCESS: Mapped sheet "Yangiyo'l tuman" to org: "Yangiyo'l t" (339cdca5-70f1-4c55-9c91-9ded0c7aeb69)
[2026-02-06T18:22:54.485Z] [BulkUpload] Saved submission for Yangiyo'l t
[2026-02-06T18:22:54.750Z] [BulkUpload] Processing sheet: Toshkent tuman
[2026-02-06T18:22:54.761Z] [BulkUpload] Sheet Toshkent tuman rows: 125
[2026-02-06T18:22:54.762Z] [BulkUpload] SUCCESS: Mapped sheet "Toshkent tuman" to org: "Toshkent t" (078e6412-4d46-422e-8bd4-afa15480ac74)
[2026-02-06T18:22:55.891Z] [BulkUpload] Saved submission for Toshkent t
[2026-02-06T18:22:56.178Z] [BulkUpload] Processing sheet: Респ
[2026-02-06T18:22:56.194Z] [BulkUpload] Sheet Респ rows: 106
[2026-02-06T18:22:56.195Z] [BulkUpload] WARNING: Could not find organization for sheet: "Респ"
[2026-02-06T18:22:56.197Z] [BulkUpload] Processing sheet: Лист2
[2026-02-06T18:22:56.200Z] [BulkUpload] Sheet Лист2 rows: 0
[2026-02-06T18:22:56.203Z] [BulkUpload] WARNING: Could not find organization for sheet: "Лист2"
[2026-02-06T18:22:56.208Z] [BulkUpload] Processing sheet: Лист3
[2026-02-06T18:22:56.211Z] [BulkUpload] Sheet Лист3 rows: 0
[2026-02-06T18:22:56.213Z] [BulkUpload] WARNING: Could not find organization for sheet: "Лист3"
[2026-02-06T18:22:56.216Z] [BulkUpload] Processing sheet: Лист4
[2026-02-06T18:22:56.219Z] [BulkUpload] Sheet Лист4 rows: 0
[2026-02-06T18:22:56.226Z] [BulkUpload] WARNING: Could not find organization for sheet: "Лист4"
[2026-02-06T18:22:56.228Z] [BulkUpload Finished] Successfully processed 22 districts for period 2025-12-01.
